
> frontend@0.1.0 build
> next build

Γû▓ Next.js 16.1.6 (Turbopack)
- Environments: .env.local

node.exe : ΓÜá The "middleware" file convention 
is deprecated. Please use "proxy" instead. 
Learn more: https://nextjs.org/docs/messages/mid
dleware-to-proxy
At line:1 char:1
+ & "C:\Program Files\nodejs/node.exe" 
"C:\Program Files\nodejs/node_mo ...
+ ~~~~~~~~~~~~~~~~~~~~~~~~~~~~~~~~~~~~~~~~~~~~~~
~~~~~~~~~~~~~~~~~~~~~~~
    + CategoryInfo          : NotSpecified: (ΓÜ 
   á The "middle...leware-to-proxy:String) [],  
   RemoteException
    + FullyQualifiedErrorId : NativeCommandErro 
   r
 
  Creating an optimized production build ...
Γ£ô Compiled successfully in 45s
  Running TypeScript ...
Failed to compile.

./src/features/team/hooks/useFocusRoom.ts:55:51
Type error: Binding element 'key' implicitly 
has an 'any' type.

[0m [90m 53 |[39m                 
setParticipants(parsedParticipants)[33m;[39m
 [90m 54 |[39m             })
[31m[1m>[22m[39m[90m 55 |[39m             
[33m.[39mon([32m'presence'[39m[33m,[39m { 
event[33m:[39m [32m'join'[39m }[33m,[39m 
({ key[33m,[39m newPresences }) [33m=>[39m {
 [90m    |[39m                                
                   [31m[1m^[22m[39m
 [90m 56 |[39m                 console[33m.[
39mlog([32m'join'[39m[33m,[39m 
key[33m,[39m newPresences)[33m;[39m
 [90m 57 |[39m             })
 [90m 58 |[39m             
[33m.[39mon([32m'presence'[39m[33m,[39m { 
event[33m:[39m [32m'leave'[39m }[33m,[39m 
({ key[33m,[39m leftPresences }) [33m=>[39m 
{[0m
Next.js build worker exited with code: 1 and 
signal: null
